_predicate_: [string] .
abool: bool .
car: uid @count .
carMake: string @index(hash) .
dgraph.group.acl: string .
dgraph.password: password .
dgraph.user.group: uid @reverse .
dgraph.xid: string @index(exact) .
dob: datetime @index(day) .
friends: uid @reverse @count .
height: float .
name: string @index(term,exact) @upsert .
scores: [int] @index(int) .